// Jest Snapshot v1, https://goo.gl/fbAQLP

exports[`<SignUp/> render and matches snapshot 1`] = `
<div>
  <form
    class="styledForm__Form-sc-174guj4-0 styledForm__AuthForm-sc-174guj4-1 eWUBJi fQzdhG"
    method="POST"
  >
    <a
      class="styledForm__ChangeFormButton-sc-174guj4-2 dkAxdL"
      href="/sign-in"
    >
      Sign In
    </a>
    <h2>
      Sign up for an account
    </h2>
    <fieldset>
      <label
        for="name"
      >
        Name
        <input
          autocomplete="name"
          name="name"
          placeholder="Name"
          type="name"
          value=""
        />
      </label>
      <label
        for="email"
      >
        Email
        <input
          autocomplete="email"
          name="email"
          placeholder="Email"
          type="email"
          value=""
        />
      </label>
      <label
        for="password"
      >
        Password
        <input
          autocomplete="password"
          name="password"
          placeholder="Password"
          type="password"
          value=""
        />
      </label>
      <button
        type="submit"
      >
        Sign Up
      </button>
    </fieldset>
  </form>
</div>
`;
